Archive member included to satisfy reference by file (symbol)

/usr/lib/gcc/arm-none-eabi/11.2.0/thumb/v6-m/nofp/libgcc.a(_dvmd_tls.o)
                              CMakeFiles/MT.dir/_deps/pico_sdk-src/src/rp2_common/pico_divider/divider.S.obj (__aeabi_idiv0)
/usr/lib/gcc/arm-none-eabi/11.2.0/../../../../arm-none-eabi/lib/thumb/v6-m/nofp/libc.a(lib_a-atexit.o)
                              /usr/lib/gcc/arm-none-eabi/11.2.0/../../../../arm-none-eabi/lib/thumb/v6-m/nofp/crt0.o (atexit)
/usr/lib/gcc/arm-none-eabi/11.2.0/../../../../arm-none-eabi/lib/thumb/v6-m/nofp/libc.a(lib_a-atoi.o)
                              CMakeFiles/MT.dir/src/MT.cpp.obj (atoi)
/usr/lib/gcc/arm-none-eabi/11.2.0/../../../../arm-none-eabi/lib/thumb/v6-m/nofp/libc.a(lib_a-calloc.o)
                              CMakeFiles/MT.dir/_deps/pico_sdk-src/src/rp2_common/pico_malloc/pico_malloc.c.obj (calloc)
/usr/lib/gcc/arm-none-eabi/11.2.0/../../../../arm-none-eabi/lib/thumb/v6-m/nofp/libc.a(lib_a-callocr.o)
                              /usr/lib/gcc/arm-none-eabi/11.2.0/../../../../arm-none-eabi/lib/thumb/v6-m/nofp/libc.a(lib_a-calloc.o) (_calloc_r)
/usr/lib/gcc/arm-none-eabi/11.2.0/../../../../arm-none-eabi/lib/thumb/v6-m/nofp/libc.a(lib_a-errno.o)
                              /usr/lib/gcc/arm-none-eabi/11.2.0/../../../../arm-none-eabi/lib/thumb/v6-m/nofp/libc.a(lib_a-callocr.o) (__errno)
/usr/lib/gcc/arm-none-eabi/11.2.0/../../../../arm-none-eabi/lib/thumb/v6-m/nofp/libc.a(lib_a-fini.o)
                              /usr/lib/gcc/arm-none-eabi/11.2.0/../../../../arm-none-eabi/lib/thumb/v6-m/nofp/crt0.o (__libc_fini_array)
/usr/lib/gcc/arm-none-eabi/11.2.0/../../../../arm-none-eabi/lib/thumb/v6-m/nofp/libc.a(lib_a-impure.o)
                              /usr/lib/gcc/arm-none-eabi/11.2.0/../../../../arm-none-eabi/lib/thumb/v6-m/nofp/libc.a(lib_a-calloc.o) (_impure_ptr)
/usr/lib/gcc/arm-none-eabi/11.2.0/../../../../arm-none-eabi/lib/thumb/v6-m/nofp/libc.a(lib_a-init.o)
                              /usr/lib/gcc/arm-none-eabi/11.2.0/../../../../arm-none-eabi/lib/thumb/v6-m/nofp/crt0.o (__libc_init_array)
/usr/lib/gcc/arm-none-eabi/11.2.0/../../../../arm-none-eabi/lib/thumb/v6-m/nofp/libc.a(lib_a-malloc.o)
                              CMakeFiles/MT.dir/_deps/pico_sdk-src/src/rp2_common/pico_malloc/pico_malloc.c.obj (malloc)
/usr/lib/gcc/arm-none-eabi/11.2.0/../../../../arm-none-eabi/lib/thumb/v6-m/nofp/libc.a(lib_a-mallocr.o)
                              /usr/lib/gcc/arm-none-eabi/11.2.0/../../../../arm-none-eabi/lib/thumb/v6-m/nofp/libc.a(lib_a-callocr.o) (_malloc_r)
/usr/lib/gcc/arm-none-eabi/11.2.0/../../../../arm-none-eabi/lib/thumb/v6-m/nofp/libc.a(lib_a-mlock.o)
                              /usr/lib/gcc/arm-none-eabi/11.2.0/../../../../arm-none-eabi/lib/thumb/v6-m/nofp/libc.a(lib_a-mallocr.o) (__malloc_lock)
/usr/lib/gcc/arm-none-eabi/11.2.0/../../../../arm-none-eabi/lib/thumb/v6-m/nofp/libc.a(lib_a-sbrkr.o)
                              /usr/lib/gcc/arm-none-eabi/11.2.0/../../../../arm-none-eabi/lib/thumb/v6-m/nofp/libc.a(lib_a-mallocr.o) (_sbrk_r)
/usr/lib/gcc/arm-none-eabi/11.2.0/../../../../arm-none-eabi/lib/thumb/v6-m/nofp/libc.a(lib_a-strlen-stub.o)
                              CMakeFiles/MT.dir/_deps/pico_sdk-src/src/rp2_common/pico_stdio/stdio.c.obj (strlen)
/usr/lib/gcc/arm-none-eabi/11.2.0/../../../../arm-none-eabi/lib/thumb/v6-m/nofp/libc.a(lib_a-strtol.o)
                              /usr/lib/gcc/arm-none-eabi/11.2.0/../../../../arm-none-eabi/lib/thumb/v6-m/nofp/libc.a(lib_a-atoi.o) (_strtol_r)
/usr/lib/gcc/arm-none-eabi/11.2.0/../../../../arm-none-eabi/lib/thumb/v6-m/nofp/libc.a(lib_a-__atexit.o)
                              /usr/lib/gcc/arm-none-eabi/11.2.0/../../../../arm-none-eabi/lib/thumb/v6-m/nofp/libc.a(lib_a-atexit.o) (__register_exitproc)
/usr/lib/gcc/arm-none-eabi/11.2.0/../../../../arm-none-eabi/lib/thumb/v6-m/nofp/libc.a(lib_a-__call_atexit.o)
                              /usr/lib/gcc/arm-none-eabi/11.2.0/../../../../arm-none-eabi/lib/thumb/v6-m/nofp/libc.a(lib_a-__atexit.o) (__atexit_recursive_mutex)
/usr/lib/gcc/arm-none-eabi/11.2.0/../../../../arm-none-eabi/lib/thumb/v6-m/nofp/libc.a(lib_a-ctype_.o)
                              /usr/lib/gcc/arm-none-eabi/11.2.0/../../../../arm-none-eabi/lib/thumb/v6-m/nofp/libc.a(lib_a-strtol.o) (_ctype_)
/usr/lib/gcc/arm-none-eabi/11.2.0/../../../../arm-none-eabi/lib/thumb/v6-m/nofp/libc.a(lib_a-freer.o)
                              /usr/lib/gcc/arm-none-eabi/11.2.0/../../../../arm-none-eabi/lib/thumb/v6-m/nofp/libc.a(lib_a-malloc.o) (_free_r)
/usr/lib/gcc/arm-none-eabi/11.2.0/../../../../arm-none-eabi/lib/thumb/v6-m/nofp/libc.a(lib_a-lock.o)
                              /usr/lib/gcc/arm-none-eabi/11.2.0/../../../../arm-none-eabi/lib/thumb/v6-m/nofp/libc.a(lib_a-mlock.o) (__retarget_lock_acquire_recursive)
/usr/lib/gcc/arm-none-eabi/11.2.0/../../../../arm-none-eabi/lib/thumb/v6-m/nofp/libc.a(lib_a-reent.o)
[...]
Memory Configuration

Name             Origin             Length             Attributes
FLASH            0x0000000010000000 0x0000000000200000 xr
RAM              0x0000000020000000 0x0000000000040000 xrw
SCRATCH_X        0x0000000020040000 0x0000000000001000 xrw
SCRATCH_Y        0x0000000020041000 0x0000000000001000 xrw
*default*        0x0000000000000000 0xffffffffffffffff

Linker script and memory map

LOAD /usr/lib/gcc/arm-none-eabi/11.2.0/thumb/v6-m/nofp/crti.o
LOAD /usr/lib/gcc/arm-none-eabi/11.2.0/thumb/v6-m/nofp/crtbegin.o
LOAD /usr/lib/gcc/arm-none-eabi/11.2.0/../../../../arm-none-eabi/lib/thumb/v6-m/nofp/crt0.o

.flash_begin    0x0000000010000000        0x0
                0x0000000010000000                __flash_binary_start = .

.boot2          0x0000000010000000      0x100
                0x0000000010000000                __boot2_start__ = .
 *(.boot2)
 .boot2         0x0000000010000000      0x100 /tmp/ccxms3ON.o
                0x0000000010000100                __boot2_end__ = .
                0x0000000000000001                ASSERT (((__boot2_end__ - __boot2_start__) == 0x100), ERROR: Pico second stage bootloader must be 256 bytes in size)

.text           0x0000000010000100     0xa080
                0x0000000010000100                __logical_binary_start = .
 *(.vectors)
 .vectors       0x0000000010000100       0xd4 CMakeFiles/MT.dir/_deps/pico_sdk-src/src/rp2_common/pico_standard_link/crt0.S.obj
                0x0000000010000100                __vectors
                0x0000000010000100                __VECTOR_TABLE
                0x00000000100001c0                isr_invalid
                0x00000000100001c0                __default_isrs_start
                0x00000000100001c2                isr_nmi
                0x00000000100001c4                isr_hardfault
                0x00000000100001c6                isr_svcall
                0x00000000100001c8                isr_pendsv
                0x00000000100001ca                isr_systick
                0x00000000100001cc                isr_irq30
                0x00000000100001cc                __unhandled_user_irq
                0x00000000100001cc                isr_irq13
                0x00000000100001cc                isr_irq27
                0x00000000100001cc                isr_irq31
                0x00000000100001cc                isr_irq5
                0x00000000100001cc                isr_irq11
                0x00000000100001cc                isr_irq23
                0x00000000100001cc                isr_irq18
                0x00000000100001cc                isr_irq28
                0x00000000100001cc                isr_irq19
                0x00000000100001cc                isr_irq0
                0x00000000100001cc                isr_irq6
                0x00000000100001cc                isr_irq22
                0x00000000100001cc                isr_irq17
                0x00000000100001cc                isr_irq14
                0x00000000100001cc                isr_irq2
                0x00000000100001cc                isr_irq10
                0x00000000100001cc                isr_irq8
                0x00000000100001cc                isr_irq24
                0x00000000100001cc                isr_irq1
                0x00000000100001cc                isr_irq7
                0x00000000100001cc                isr_irq21
                0x00000000100001cc                isr_irq20
                0x00000000100001cc                isr_irq15
                0x00000000100001cc                isr_irq25
                0x00000000100001cc                isr_irq4
                0x00000000100001cc                isr_irq16
                0x00000000100001cc                isr_irq29
                0x00000000100001cc                isr_irq26
                0x00000000100001cc                __default_isrs_end
                0x00000000100001cc                isr_irq3
                0x00000000100001cc                isr_irq12
                0x00000000100001cc                isr_irq9
                0x00000000100001d2                unhandled_user_irq_num_in_r0
 *(.binary_info_header)
 .binary_info_header
                0x00000000100001d4       0x14 CMakeFiles/MT.dir/_deps/pico_sdk-src/src/rp2_common/pico_standard_link/crt0.S.obj
                0x00000000100001e8                __binary_info_header_end = .
 *(.reset)
 .reset         0x00000000100001e8       0xa8 CMakeFiles/MT.dir/_deps/pico_sdk-src/src/rp2_common/pico_standard_link/crt0.S.obj
                0x00000000100001e8                _entry_point
                0x0000000010000266                __get_current_exception
 .reset         0x0000000010000290       0x30 CMakeFiles/MT.dir/_deps/pico_sdk-src/src/rp2_common/pico_standard_link/binary_info.c.obj
 *(.init)
 .init          0x00000000100002c0        0x4 /usr/lib/gcc/arm-none-eabi/11.2.0/thumb/v6-m/nofp/crti.o
                0x00000000100002c0                _init
 *(EXCLUDE_FILE(*libm.a: *libc.a:*lib_a-mem*.o *libgcc.a:) .text*)
 .text.frame_dummy
                0x00000000100002c4       0x20 /usr/lib/gcc/arm-none-eabi/11.2.0/thumb/v6-m/nofp/crtbegin.o
 .text._ZN10serialComm10setAddressEhhc.isra.0
                0x00000000100002e4      0x264 CMakeFiles/MT.dir/src/MT.cpp.obj
 .text._ZN10serialComm8findPathEii.isra.0
                0x0000000010000548      0xa44 CMakeFiles/MT.dir/src/MT.cpp.obj
 .text._ZN10serialComm10setAddressEhhc.constprop.1.isra.0
                0x0000000010000f8c      0x1b4 CMakeFiles/MT.dir/src/MT.cpp.obj
 .text._ZN10serialComm19lookForPointedConnsEv.isra.0
                0x0000000010001140     0x1770 CMakeFiles/MT.dir/src/MT.cpp.obj
 .text._ZN10serialComm14selectMenuItemEv.constprop.0
                0x00000000100028b0     0x198c CMakeFiles/MT.dir/src/MT.cpp.obj
 .text._Z9startUartv
                0x000000001000423c       0x68 CMakeFiles/MT.dir/src/MT.cpp.obj
                0x000000001000423c                startUart()
 .text.startup.main
                0x00000000100042a4     0x1560 CMakeFiles/MT.dir/src/MT.cpp.obj
                0x00000000100042a4                main
 .text.startup._GLOBAL__sub_I_Def
                0x0000000010005804      0x3e0 CMakeFiles/MT.dir/src/MT.cpp.obj
 .text.gpio_set_function
                0x0000000010005be4       0x30 CMakeFiles/MT.dir/_deps/pico_sdk-src/src/rp2_common/hardware_gpio/gpio.c.obj
                0x0000000010005be4                gpio_set_function
 .text.gpio_set_pulls
                0x0000000010005c14       0x24 CMakeFiles/MT.dir/_deps/pico_sdk-src/src/rp2_common/hardware_gpio/gpio.c.obj
                0x0000000010005c14                gpio_set_pulls
 .text.hw_claim_or_assert
                0x0000000010005c38       0x44 CMakeFiles/MT.dir/_deps/pico_sdk-src/src/rp2_common/hardware_claim/claim.c.obj
                0x0000000010005c38                hw_claim_or_assert
 .text.running_on_fpga
                0x0000000010005c7c       0x10 CMakeFiles/MT.dir/_deps/pico_sdk-src/src/rp2_common/pico_platform/platform.c.obj
                0x0000000010005c7c                running_on_fpga
 .text.spin_locks_reset
                0x0000000010005c8c       0x1c CMakeFiles/MT.dir/_deps/pico_sdk-src/src/rp2_common/hardware_sync/sync.c.obj
                0x0000000010005c8c                spin_locks_reset
 .text.next_striped_spin_lock_num
                0x0000000010005ca8       0x18 CMakeFiles/MT.dir/_deps/pico_sdk-src/src/rp2_common/hardware_sync/sync.c.obj
                0x0000000010005ca8                next_striped_spin_lock_num
 .text.uart_init
                0x0000000010005cc0       0xe0 CMakeFiles/MT.dir/_deps/pico_sdk-src/src/rp2_common/hardware_uart/uart.c.obj
                0x0000000010005cc0                uart_init
 .text.uart_set_baudrate
                0x0000000010005da0       0x68 CMakeFiles/MT.dir/_deps/pico_sdk-src/src/rp2_common/hardware_uart/uart.c.obj
                0x0000000010005da0                uart_set_baudrate
 .text.timer_pool_entry_comparator
                0x0000000010005e08       0x34 CMakeFiles/MT.dir/_deps/pico_sdk-src/src/common/pico_time/time.c.obj
                0x0000000010005e08                timer_pool_entry_comparator
 .text.sleep_until_callback
                0x0000000010005e3c       0x30 CMakeFiles/MT.dir/_deps/pico_sdk-src/src/common/pico_time/time.c.obj
 .text.add_alarm_under_lock.isra.0
                0x0000000010005e6c       0xfc CMakeFiles/MT.dir/_deps/pico_sdk-src/src/common/pico_time/time.c.obj
 .text.alarm_pool_alarm_callback
                0x0000000010005f68      0x1c8 CMakeFiles/MT.dir/_deps/pico_sdk-src/src/common/pico_time/time.c.obj
 .text.alarm_pool_add_alarm_at.constprop.0
                0x0000000010006130      0x114 CMakeFiles/MT.dir/_deps/pico_sdk-src/src/common/pico_time/time.c.obj
 .text.alarm_pool_init_default
                0x0000000010006244       0x64 CMakeFiles/MT.dir/_deps/pico_sdk-src/src/common/pico_time/time.c.obj
                0x0000000010006244                alarm_pool_init_default
 .text.sleep_until
                0x00000000100062a8       0xac CMakeFiles/MT.dir/_deps/pico_sdk-src/src/common/pico_time/time.c.obj
                0x00000000100062a8                sleep_until
 .text.sleep_ms
                0x0000000010006354       0x38 CMakeFiles/MT.dir/_deps/pico_sdk-src/src/common/pico_time/time.c.obj
                0x0000000010006354                sleep_ms
 .text.hardware_alarm_irq_handler
                0x000000001000638c       0xb8 CMakeFiles/MT.dir/_deps/pico_sdk-src/src/rp2_common/hardware_timer/timer.c.obj
 .text.hardware_alarm_claim
                0x0000000010006444       0x18 CMakeFiles/MT.dir/_deps/pico_sdk-src/src/rp2_common/hardware_timer/timer.c.obj
                0x0000000010006444                hardware_alarm_claim
 .text.time_us_64
                0x000000001000645c       0x14 CMakeFiles/MT.dir/_deps/pico_sdk-src/src/rp2_common/hardware_timer/timer.c.obj
                0x000000001000645c                time_us_64
 .text.busy_wait_us
                0x0000000010006470       0x54 CMakeFiles/MT.dir/_deps/pico_sdk-src/src/rp2_common/hardware_timer/timer.c.obj
                0x0000000010006470                busy_wait_us
 .text.busy_wait_until
                0x00000000100064c4       0x20 CMakeFiles/MT.dir/_deps/pico_sdk-src/src/rp2_common/hardware_timer/timer.c.obj
                0x00000000100064c4                busy_wait_until
 .text.hardware_alarm_set_callback
                0x00000000100064e4       0x8c CMakeFiles/MT.dir/_deps/pico_sdk-src/src/rp2_common/hardware_timer/timer.c.obj
                0x00000000100064e4                hardware_alarm_set_callback
 .text.hardware_alarm_set_target
                0x0000000010006570       0xe0 CMakeFiles/MT.dir/_deps/pico_sdk-src/src/rp2_common/hardware_timer/timer.c.obj
                0x0000000010006570                hardware_alarm_set_target
 .text.hardware_alarm_cancel
                0x0000000010006650       0x3c CMakeFiles/MT.dir/_deps/pico_sdk-src/src/rp2_common/hardware_timer/timer.c.obj
                0x0000000010006650                hardware_alarm_cancel
 .text.lock_init
                0x000000001000668c       0x10 CMakeFiles/MT.dir/_deps/pico_sdk-src/src/common/pico_sync/lock_core.c.obj
                0x000000001000668c                lock_init
 .text.mutex_init
                0x000000001000669c       0x1c CMakeFiles/MT.dir/_deps/pico_sdk-src/src/common/pico_sync/mutex.c.obj
                0x000000001000669c                mutex_init
 .text.recursive_mutex_init
                0x00000000100066b8       0x1c CMakeFiles/MT.dir/_deps/pico_sdk-src/src/common/pico_sync/mutex.c.obj
                0x00000000100066b8                recursive_mutex_init
 .text.ph_merge_nodes
                0x00000000100066d4       0x5c CMakeFiles/MT.dir/_deps/pico_sdk-src/src/common/pico_util/pheap.c.obj
 .text.ph_post_alloc_init
                0x0000000010006730       0x3c CMakeFiles/MT.dir/_deps/pico_sdk-src/src/common/pico_util/pheap.c.obj
                0x0000000010006730                ph_post_alloc_init
 .text.ph_merge_two_pass
                0x000000001000676c       0x90 CMakeFiles/MT.dir/_deps/pico_sdk-src/src/common/pico_util/pheap.c.obj
                0x000000001000676c                ph_merge_two_pass
 .text.ph_remove_any_head
                0x00000000100067fc       0xf8 CMakeFiles/MT.dir/_deps/pico_sdk-src/src/common/pico_util/pheap.c.obj
 .text.ph_remove_head
                0x00000000100068f4       0xfc CMakeFiles/MT.dir/_deps/pico_sdk-src/src/common/pico_util/pheap.c.obj
                0x00000000100068f4                ph_remove_head
 .text.ph_remove_and_free_node
                0x00000000100069f0       0x7c CMakeFiles/MT.dir/_deps/pico_sdk-src/src/common/pico_util/pheap.c.obj
                0x00000000100069f0                ph_remove_and_free_node
 .text.runtime_init
                0x0000000010006a6c      0x100 CMakeFiles/MT.dir/_deps/pico_sdk-src/src/rp2_common/pico_runtime/runtime.c.obj
                0x0000000010006a6c                runtime_init
 .text.exit     0x0000000010006b6c        0x4 CMakeFiles/MT.dir/_deps/pico_sdk-src/src/rp2_common/pico_runtime/runtime.c.obj
                0x0000000010006b6c                exit
 .text.panic    0x0000000010006b70       0x30 CMakeFiles/MT.dir/_deps/pico_sdk-src/src/rp2_common/pico_runtime/runtime.c.obj
                0x0000000010006b70                panic
 .text.hard_assertion_failure
                0x0000000010006ba0        0xc CMakeFiles/MT.dir/_deps/pico_sdk-src/src/rp2_common/pico_runtime/runtime.c.obj
                0x0000000010006ba0                hard_assertion_failure
 .text.clocks_init
                0x0000000010006bac      0x2b0 CMakeFiles/MT.dir/_deps/pico_sdk-src/src/rp2_common/hardware_clocks/clocks.c.obj
                0x0000000010006bac                clocks_init
 .text.clock_get_hz
                0x0000000010006e5c        0xc CMakeFiles/MT.dir/_deps/pico_sdk-src/src/rp2_common/hardware_clocks/clocks.c.obj
                0x0000000010006e5c                clock_get_hz
 .text.irq_set_enabled
                0x0000000010006e68       0x24 CMakeFiles/MT.dir/_deps/pico_sdk-src/src/rp2_common/hardware_irq/irq.c.obj
                0x0000000010006e68                irq_set_enabled
 .text.irq_get_vtable_handler
                0x0000000010006e8c       0x10 CMakeFiles/MT.dir/_deps/pico_sdk-src/src/rp2_common/hardware_irq/irq.c.obj
                0x0000000010006e8c                irq_get_vtable_handler
 .text.irq_set_exclusive_handler
                0x0000000010006e9c       0x54 CMakeFiles/MT.dir/_deps/pico_sdk-src/src/rp2_common/hardware_irq/irq.c.obj
                0x0000000010006e9c                irq_set_exclusive_handler
 .text.irq_remove_handler
                0x0000000010006ef0      0x1bc CMakeFiles/MT.dir/_deps/pico_sdk-src/src/rp2_common/hardware_irq/irq.c.obj
                0x0000000010006ef0                irq_remove_handler
 .text.irq_add_tail_to_free_list
                0x00000000100070ac       0xb4 CMakeFiles/MT.dir/_deps/pico_sdk-src/src/rp2_common/hardware_irq/irq.c.obj
                0x00000000100070ac                irq_add_tail_to_free_list
 .text.irq_init_priorities
                0x0000000010007160       0x38 CMakeFiles/MT.dir/_deps/pico_sdk-src/src/rp2_common/hardware_irq/irq.c.obj
                0x0000000010007160                irq_init_priorities
 .text.pll_init
                0x0000000010007198       0xa0 CMakeFiles/MT.dir/_deps/pico_sdk-src/src/rp2_common/hardware_pll/pll.c.obj
                0x0000000010007198                pll_init
 .text.watchdog_start_tick
                0x0000000010007238       0x10 CMakeFiles/MT.dir/_deps/pico_sdk-src/src/rp2_common/hardware_watchdog/watchdog.c.obj
                0x0000000010007238                watchdog_start_tick
 .text.xosc_init
                0x0000000010007248       0x28 CMakeFiles/MT.dir/_deps/pico_sdk-src/src/rp2_common/hardware_xosc/xosc.c.obj
                0x0000000010007248                xosc_init
 .text._out_null
                0x0000000010007270        0x4 CMakeFiles/MT.dir/_deps/pico_sdk-src/src/rp2_common/pico_printf/printf.c.obj
 .text._out_rev
                0x0000000010007274       0x90 CMakeFiles/MT.dir/_deps/pico_sdk-src/src/rp2_common/pico_printf/printf.c.obj
 .text._ntoa_format
                0x0000000010007304      0x1c0 CMakeFiles/MT.dir/_deps/pico_sdk-src/src/rp2_common/pico_printf/printf.c.obj
 .text._out_char
                0x00000000100074c4       0x10 CMakeFiles/MT.dir/_deps/pico_sdk-src/src/rp2_common/pico_printf/printf.c.obj
 .text._out_fct
                0x00000000100074d4       0x10 CMakeFiles/MT.dir/_deps/pico_sdk-src/src/rp2_common/pico_printf/printf.c.obj
 .text._etoa    0x00000000100074e4      0x454 CMakeFiles/MT.dir/_deps/pico_sdk-src/src/rp2_common/pico_printf/printf.c.obj
 .text._ftoa    0x0000000010007938      0x3d0 CMakeFiles/MT.dir/_deps/pico_sdk-src/src/rp2_common/pico_printf/printf.c.obj
 .text._vsnprintf
                0x0000000010007d08      0xb70 CMakeFiles/MT.dir/_deps/pico_sdk-src/src/rp2_common/pico_printf/printf.c.obj
 .text.vfctprintf
                0x0000000010008878       0x20 CMakeFiles/MT.dir/_deps/pico_sdk-src/src/rp2_common/pico_printf/printf.c.obj
                0x0000000010008878                vfctprintf
 .text.weak_raw_vprintf
                0x0000000010008898       0x30 CMakeFiles/MT.dir/_deps/pico_sdk-src/src/rp2_common/pico_printf/printf.c.obj
                0x0000000010008898                weak_raw_vprintf
 .text          0x00000000100088c8       0x10 CMakeFiles/MT.dir/_deps/pico_sdk-src/src/rp2_common/pico_bit_ops/bit_ops_aeabi.S.obj
 .text.rom_func_lookup
                0x00000000100088d8       0x10 CMakeFiles/MT.dir/_deps/pico_sdk-src/src/rp2_common/pico_bootrom/bootrom.c.obj
                0x00000000100088d8                rom_func_lookup
 .text.rom_data_lookup
                0x00000000100088e8       0x10 CMakeFiles/MT.dir/_deps/pico_sdk-src/src/rp2_common/pico_bootrom/bootrom.c.obj
                0x00000000100088e8                rom_data_lookup
 .text.rom_funcs_lookup
                0x00000000100088f8       0x44 CMakeFiles/MT.dir/_deps/pico_sdk-src/src/rp2_common/pico_bootrom/bootrom.c.obj
                0x00000000100088f8                rom_funcs_lookup
 .text.__wrap___aeabi_idiv
                0x000000001000893c       0x50 CMakeFiles/MT.dir/_deps/pico_sdk-src/src/rp2_common/pico_divider/divider.S.obj
                0x000000001000893c                __wrap___aeabi_idivmod
                0x000000001000893c                divmod_s32s32
                0x000000001000893c                div_s32s32
                0x000000001000893c                __wrap___aeabi_idiv
                0x0000000010008944                divmod_s32s32_unsafe
                0x0000000010008970                divmod_s32s32_savestate
 .text.__wrap___aeabi_uidiv
                0x000000001000898c       0x4c CMakeFiles/MT.dir/_deps/pico_sdk-src/src/rp2_common/pico_divider/divider.S.obj
                0x000000001000898c                __wrap___aeabi_uidiv
                0x000000001000898c                __wrap___aeabi_uidivmod
                0x000000001000898c                div_u32u32
                0x000000001000898c                divmod_u32u32
                0x0000000010008994                divmod_u32u32_unsafe
                0x00000000100089bc                divmod_u32u32_savestate
 .text.__wrap___aeabi_ldiv
                0x00000000100089d8      0x430 CMakeFiles/MT.dir/_deps/pico_sdk-src/src/rp2_common/pico_divider/divider.S.obj
                0x00000000100089d8                div_s64s64
                0x00000000100089d8                divmod_s64s64
                0x00000000100089d8                __wrap___aeabi_ldivmod
                0x0000000010008a10                div_u64u64
                0x0000000010008a10                divmod_u64u64
                0x0000000010008a10                __wrap___aeabi_uldivmod
                0x0000000010008a20                divmod_u64u64_savestate
                0x0000000010008a48                divmod_s64s64_unsafe
                0x0000000010008ad0                divmod_u64u64_unsafe
 .text.__wrap___aeabi_darithmetic
                0x0000000010008e08       0x80 CMakeFiles/MT.dir/_deps/pico_sdk-src/src/rp2_common/pico_double/double_aeabi.S.obj
                0x0000000010008e08                __wrap___aeabi_drsub
                0x0000000010008e0e                __wrap___aeabi_dsub
                0x0000000010008e20                __wrap___aeabi_dadd
                0x0000000010008e32                __wrap___aeabi_ddiv
                0x0000000010008e6e                __wrap___aeabi_dmul
 .text.__wrap___aeabi_cdcmple
                0x0000000010008e88       0x6c CMakeFiles/MT.dir/_deps/pico_sdk-src/src/rp2_common/pico_double/double_aeabi.S.obj
                0x0000000010008e88                __wrap___aeabi_cdrcmple
                0x0000000010008e98                __wrap___aeabi_cdcmple
                0x0000000010008e98                __wrap___aeabi_cdcmpeq
 .text.__wrap___aeabi_dcmplt
                0x0000000010008ef4        0xc CMakeFiles/MT.dir/_deps/pico_sdk-src/src/rp2_common/pico_double/double_aeabi.S.obj
                0x0000000010008ef4                __wrap___aeabi_dcmplt
 .text.__wrap___aeabi_dcmple
                0x0000000010008f00       0x10 CMakeFiles/MT.dir/_deps/pico_sdk-src/src/rp2_common/pico_double/double_aeabi.S.obj
                0x0000000010008f00                __wrap___aeabi_dcmple
 .text.__wrap___aeabi_dcmpge
                0x0000000010008f10       0x10 CMakeFiles/MT.dir/_deps/pico_sdk-src/src/rp2_common/pico_double/double_aeabi.S.obj
                0x0000000010008f10                __wrap___aeabi_dcmpge
 .text.__wrap___aeabi_dcmpgt
                0x0000000010008f20        0xa CMakeFiles/MT.dir/_deps/pico_sdk-src/src/rp2_common/pico_double/double_aeabi.S.obj
                0x0000000010008f20                __wrap___aeabi_dcmpgt
 .text.__wrap___aeabi_dcmpun
                0x0000000010008f2a       0x1c CMakeFiles/MT.dir/_deps/pico_sdk-src/src/rp2_common/pico_double/double_aeabi.S.obj
                0x0000000010008f2a                __wrap___aeabi_dcmpun
 *fill*         0x0000000010008f46        0x2 
 .text.__wrap___aeabi_i2d
                0x0000000010008f48       0x38 CMakeFiles/MT.dir/_deps/pico_sdk-src/src/rp2_common/pico_double/double_aeabi.S.obj
                0x0000000010008f48                __wrap___aeabi_ui2d
                0x0000000010008f50                __wrap___aeabi_i2d
 .text.__wrap___aeabi_d2iz
                0x0000000010008f80       0x48 CMakeFiles/MT.dir/_deps/pico_sdk-src/src/rp2_common/pico_double/double_aeabi.S.obj
                0x0000000010008f80                __wrap___aeabi_d2iz
                0x0000000010008f80                double2int_z
 .text.__wrap___aeabi_d2uiz
                0x0000000010008fc8       0x18 CMakeFiles/MT.dir/_deps/pico_sdk-src/src/rp2_common/pico_double/double_aeabi.S.obj
                0x0000000010008fc8                double2uint
                0x0000000010008fc8                __wrap___aeabi_d2uiz
 .text.__wrap___aeabi_d2f
                0x0000000010008fe0       0x18 CMakeFiles/MT.dir/_deps/pico_sdk-src/src/rp2_common/pico_double/double_aeabi.S.obj
                0x0000000010008fe0                __wrap___aeabi_d2f
 .text.__aeabi_double_init
                0x0000000010008ff8       0x80 CMakeFiles/MT.dir/_deps/pico_sdk-src/src/rp2_common/pico_double/double_init_rom.c.obj
                0x0000000010008ff8                __aeabi_double_init
 .text.double_table_shim_on_use_helper
                0x0000000010009078       0x2c CMakeFiles/MT.dir/_deps/pico_sdk-src/src/rp2_common/pico_double/double_v1_rom_shim.S.obj
                0x0000000010009078                double_table_shim_on_use_helper
 .text.__wrap___aeabi_dsub
                0x00000000100090a4       0x10 CMakeFiles/MT.dir/_deps/pico_sdk-src/src/rp2_common/pico_double/double_v1_rom_shim.S.obj
                0x00000000100090a4                drsub_shim
                0x00000000100090aa                dsub_shim
 .text.dadd_shim
                0x00000000100090b4      0x15c CMakeFiles/MT.dir/_deps/pico_sdk-src/src/rp2_common/pico_double/double_v1_rom_shim.S.obj
                0x00000000100090b4                dadd_shim
 .text.dmul_shim
                0x0000000010009210      0x15c CMakeFiles/MT.dir/_deps/pico_sdk-src/src/rp2_common/pico_double/double_v1_rom_shim.S.obj
                0x0000000010009210                dmul_shim
 .text.ddiv_shim
                0x000000001000936c      0x1b0 CMakeFiles/MT.dir/_deps/pico_sdk-src/src/rp2_common/pico_double/double_v1_rom_shim.S.obj
                0x000000001000936c                ddiv_shim
 .text.dcordic_rot_step
                0x000000001000951c       0x7c CMakeFiles/MT.dir/_deps/pico_sdk-src/src/rp2_common/pico_double/double_v1_rom_shim.S.obj
                0x000000001000951c                dcordic_rot_step
 .text.double2uint_shim
                0x0000000010009598        0xe CMakeFiles/MT.dir/_deps/pico_sdk-src/src/rp2_common/pico_double/double_v1_rom_shim.S.obj
                0x0000000010009598                double2uint_shim
                0x000000001000959a                double2ufix_shim
 *fill*         0x00000000100095a6        0x2 
 .text.double2uint64_shim
                0x00000000100095a8       0x6c CMakeFiles/MT.dir/_deps/pico_sdk-src/src/rp2_common/pico_double/double_v1_rom_shim.S.obj
                0x00000000100095a8                double2uint64_shim
                0x00000000100095aa                double2ufix64_shim
                0x00000000100095c4                d2fix_a
 .text.double2float_shim
                0x0000000010009614       0x5c CMakeFiles/MT.dir/_deps/pico_sdk-src/src/rp2_common/pico_double/double_v1_rom_shim.S.obj
                0x0000000010009614                double2float_shim
 .text.dunpacks
                0x0000000010009670       0x3c CMakeFiles/MT.dir/_deps/pico_sdk-src/src/rp2_common/pico_double/double_v1_rom_shim.S.obj
                0x0000000010009670                dunpacks
 .text.__aeabi_lmul
                0x00000000100096ac       0x32 CMakeFiles/MT.dir/_deps/pico_sdk-src/src/rp2_common/pico_int64_ops/pico_int64_ops_aeabi.S.obj
                0x00000000100096ac                __wrap___aeabi_lmul
 *fill*         0x00000000100096de        0x2 
 .text.__wrap___aeabi_farithmetic
                0x00000000100096e0       0x48 CMakeFiles/MT.dir/_deps/pico_sdk-src/src/rp2_common/pico_float/float_aeabi.S.obj
                0x00000000100096e0                __wrap___aeabi_frsub
                0x00000000100096e6                __wrap___aeabi_fsub
                0x00000000100096ec                __wrap___aeabi_fadd
                0x00000000100096f2                __wrap___aeabi_fdiv
                0x000000001000971a                __wrap___aeabi_fmul
 .text.__wrap___aeabi_cfcmple
                0x0000000010009728       0x50 CMakeFiles/MT.dir/_deps/pico_sdk-src/src/rp2_common/pico_float/float_aeabi.S.obj
                0x0000000010009728                __wrap___aeabi_cfrcmple
                0x0000000010009734                __wrap___aeabi_cfcmpeq
                0x0000000010009734                __wrap___aeabi_cfcmple
 .text.__wrap___aeabi_fcmplt
                0x0000000010009778        0xc CMakeFiles/MT.dir/_deps/pico_sdk-src/src/rp2_common/pico_float/float_aeabi.S.obj
                0x0000000010009778                __wrap___aeabi_fcmplt
 .text.__wrap___aeabi_i2f
                0x0000000010009784       0x44 CMakeFiles/MT.dir/_deps/pico_sdk-src/src/rp2_common/pico_float/float_aeabi.S.obj
                0x0000000010009784                __wrap___aeabi_i2f
 .text.__wrap___aeabi_f2d
                0x00000000100097c8       0x14 CMakeFiles/MT.dir/_deps/pico_sdk-src/src/rp2_common/pico_float/float_aeabi.S.obj
                0x00000000100097c8                __wrap___aeabi_f2d
 .text.__aeabi_float_init
                0x00000000100097dc       0x64 CMakeFiles/MT.dir/_deps/pico_sdk-src/src/rp2_common/pico_float/float_init_rom.c.obj
                0x00000000100097dc                __aeabi_float_init
 .text.float_table_shim_on_use_helper
                0x0000000010009840       0x2c CMakeFiles/MT.dir/_deps/pico_sdk-src/src/rp2_common/pico_float/float_v1_rom_shim.S.obj
                0x0000000010009840                float_table_shim_on_use_helper
 .text.float2double_shim
                0x000000001000986c       0x30 CMakeFiles/MT.dir/_deps/pico_sdk-src/src/rp2_common/pico_float/float_v1_rom_shim.S.obj
                0x000000001000986c                float2double_shim
 .text          0x000000001000989c       0x10 CMakeFiles/MT.dir/_deps/pico_sdk-src/src/rp2_common/pico_mem_ops/mem_ops_aeabi.S.obj
                0x000000001000989c                __aeabi_mem_init
 .text.memset   0x00000000100098ac        0xc CMakeFiles/MT.dir/_deps/pico_sdk-src/src/rp2_common/pico_mem_ops/mem_ops_aeabi.S.obj
                0x00000000100098ac                __wrap_memset
 .text.memcpy   0x00000000100098b8        0xc CMakeFiles/MT.dir/_deps/pico_sdk-src/src/rp2_common/pico_mem_ops/mem_ops_aeabi.S.obj
                0x00000000100098b8                __wrap___aeabi_memcpy
                0x00000000100098b8                __wrap_memcpy
 .text.stdio_out_chars_crlf.part.0
                0x00000000100098c4       0x98 CMakeFiles/MT.dir/_deps/pico_sdk-src/src/rp2_common/pico_stdio/stdio.c.obj
 .text.stdio_buffered_printer
                0x000000001000995c       0x78 CMakeFiles/MT.dir/_deps/pico_sdk-src/src/rp2_common/pico_stdio/stdio.c.obj
 .text.__wrap_putchar
                0x00000000100099d4       0xb0 CMakeFiles/MT.dir/_deps/pico_sdk-src/src/rp2_common/pico_stdio/stdio.c.obj
                0x00000000100099d4                __wrap_putchar
 .text.__wrap_puts
                0x0000000010009a84      0x138 CMakeFiles/MT.dir/_deps/pico_sdk-src/src/rp2_common/pico_stdio/stdio.c.obj
                0x0000000010009a84                __wrap_puts
 .text.stdio_set_driver_enabled
                0x0000000010009bbc       0x3c CMakeFiles/MT.dir/_deps/pico_sdk-src/src/rp2_common/pico_stdio/stdio.c.obj
                0x0000000010009bbc                stdio_set_driver_enabled
 .text.__wrap_vprintf
                0x0000000010009bf8       0xec CMakeFiles/MT.dir/_deps/pico_sdk-src/src/rp2_common/pico_stdio/stdio.c.obj
                0x0000000010009bf8                __wrap_vprintf
 .text.__wrap_printf
                0x0000000010009ce4       0x18 CMakeFiles/MT.dir/_deps/pico_sdk-src/src/rp2_common/pico_stdio/stdio.c.obj
                0x0000000010009ce4                __wrap_printf
 .text.__wrap_getchar
                0x0000000010009cfc       0x78 CMakeFiles/MT.dir/_deps/pico_sdk-src/src/rp2_common/pico_stdio/stdio.c.obj
                0x0000000010009cfc                __wrap_getchar
 .text.stdio_uart_out_chars
                0x0000000010009d74       0x4c CMakeFiles/MT.dir/_deps/pico_sdk-src/src/rp2_common/pico_stdio_uart/stdio_uart.c.obj
 .text.stdio_uart_in_chars
                0x0000000010009dc0       0x38 CMakeFiles/MT.dir/_deps/pico_sdk-src/src/rp2_common/pico_stdio_uart/stdio_uart.c.obj
                0x0000000010009dc0                stdio_uart_in_chars
 .text.stdio_uart_init
                0x0000000010009df8       0x48 CMakeFiles/MT.dir/_deps/pico_sdk-src/src/rp2_common/pico_stdio_uart/stdio_uart.c.obj
                0x0000000010009df8                stdio_uart_init
 .text.atexit   0x0000000010009e40       0x10 /usr/lib/gcc/arm-none-eabi/11.2.0/../../../../arm-none-eabi/lib/thumb/v6-m/nofp/libc.a(lib_a-atexit.o)
                0x0000000010009e40                atexit
 .text.atoi     0x0000000010009e50        0xc /usr/lib/gcc/arm-none-eabi/11.2.0/../../../../arm-none-eabi/lib/thumb/v6-m/nofp/libc.a(lib_a-atoi.o)
                0x0000000010009e50                atoi
 .text.__errno  0x0000000010009e5c        0xc /usr/lib/gcc/arm-none-eabi/11.2.0/../../../../arm-none-eabi/lib/thumb/v6-m/nofp/libc.a(lib_a-errno.o)
                0x0000000010009e5c                __errno
 .text.__libc_fini_array
                0x0000000010009e68       0x28 /usr/lib/gcc/arm-none-eabi/11.2.0/../../../../arm-none-eabi/lib/thumb/v6-m/nofp/libc.a(lib_a-fini.o)
                0x0000000010009e68                __libc_fini_array
 .text.strlen   0x0000000010009e90       0x5c /usr/lib/gcc/arm-none-eabi/11.2.0/../../../../arm-none-eabi/lib/thumb/v6-m/nofp/libc.a(lib_a-strlen-stub.o)
                0x0000000010009e90                strlen
 .text._strtol_l.part.0
                0x0000000010009eec      0x144 /usr/lib/gcc/arm-none-eabi/11.2.0/../../../../arm-none-eabi/lib/thumb/v6-m/nofp/libc.a(lib_a-strtol.o)
 .text.strtol   0x000000001000a030       0x2c /usr/lib/gcc/arm-none-eabi/11.2.0/../../../../arm-none-eabi/lib/thumb/v6-m/nofp/libc.a(lib_a-strtol.o)
                0x000000001000a030                strtol
 .text.__register_exitproc
                0x000000001000a05c       0xb0 /usr/lib/gcc/arm-none-eabi/11.2.0/../../../../arm-none-eabi/lib/thumb/v6-m/nofp/libc.a(lib_a-__atexit.o)
                0x000000001000a05c                __register_exitproc
 .text.startup.register_fini
                0x000000001000a10c       0x18 /usr/lib/gcc/arm-none-eabi/11.2.0/../../../../arm-none-eabi/lib/thumb/v6-m/nofp/libc.a(lib_a-__call_atexit.o)
 .text.__retarget_lock_acquire_recursive
                0x000000001000a124        0x4 /usr/lib/gcc/arm-none-eabi/11.2.0/../../../../arm-none-eabi/lib/thumb/v6-m/nofp/libc.a(lib_a-lock.o)
                0x000000001000a124                __retarget_lock_acquire_recursive
 .text.__retarget_lock_release_recursive
                0x000000001000a128        0x4 /usr/lib/gcc/arm-none-eabi/11.2.0/../../../../arm-none-eabi/lib/thumb/v6-m/nofp/libc.a(lib_a-lock.o)
                0x000000001000a128                __retarget_lock_release_recursive
 *(.fini)
 .fini          0x000000001000a12c        0x4 /usr/lib/gcc/arm-none-eabi/11.2.0/thumb/v6-m/nofp/crti.o
                0x000000001000a12c                _fini
 .fini.__stub   0x000000001000a130       0x50 linker stubs
 *crtbegin.o(.ctors)
 *crtbegin?.o(.ctors)
 *(EXCLUDE_FILE(*crtend.o *crtend?.o) .ctors)
 *(SORT_BY_NAME(.ctors.*))
 *(.ctors)
 *crtbegin.o(.dtors)
 *crtbegin?.o(.dtors)
 *(EXCLUDE_FILE(*crtend.o *crtend?.o) .dtors)
 *(SORT_BY_NAME(.dtors.*))
 *(.dtors)
 *(.eh_frame*)
 .eh_frame      0x000000001000a180        0x0 /usr/lib/gcc/arm-none-eabi/11.2.0/thumb/v6-m/nofp/crtbegin.o
                0x000000001000a180                . = ALIGN (0x4)

.glue_7         0x000000001000a180        0x0
 .glue_7        0x000000001000a180        0x0 linker stubs

.glue_7t        0x000000001000a180        0x0
 .glue_7t       0x000000001000a180        0x0 linker stubs

.vfp11_veneer   0x000000001000a180        0x0
 .vfp11_veneer  0x000000001000a180        0x0 linker stubs

.v4_bx          0x000000001000a180        0x0
 .v4_bx         0x000000001000a180        0x0 linker stubs

.iplt           0x000000001000a180        0x0
 .iplt          0x000000001000a180        0x0 /usr/lib/gcc/arm-none-eabi/11.2.0/thumb/v6-m/nofp/crtbegin.o

.rodata         0x000000001000a180      0xfe8
 *(EXCLUDE_FILE(*libm.a: *libc.a:*lib_a-mem*.o *libgcc.a:) .rodata*)
 .rodata._ZN10serialComm8findPathEii.isra.0.str1.4
                0x000000001000a180       0x5f CMakeFiles/MT.dir/src/MT.cpp.obj
 *fill*         0x000000001000a1df        0x1 
 .rodata._ZN10serialComm19lookForPointedConnsEv.isra.0.str1.4
                0x000000001000a1e0       0x25 CMakeFiles/MT.dir/src/MT.cpp.obj
 *fill*         0x000000001000a205        0x3 
 .rodata._ZN10serialComm14selectMenuItemEv.constprop.0.str1.4
                0x000000001000a208      0x340 CMakeFiles/MT.dir/src/MT.cpp.obj
 .rodata._ZN10serialComm14selectMenuItemEv.constprop.0
                0x000000001000a548       0x5c CMakeFiles/MT.dir/src/MT.cpp.obj
 .rodata._Z9startUartv.str1.4
                0x000000001000a5a4       0x12 CMakeFiles/MT.dir/src/MT.cpp.obj
 *fill*         0x000000001000a5b6        0x2 
 .rodata._Z10printStuffi.str1.4
                0x000000001000a5b8       0x66 CMakeFiles/MT.dir/src/MT.cpp.obj
 *fill*         0x000000001000a61e        0x2 
 .rodata.main.str1.4
                0x000000001000a620      0x4de CMakeFiles/MT.dir/src/MT.cpp.obj
                                        0x4f2 (size before relaxing)
 *fill*         0x000000001000aafe        0x2 
 .rodata.main   0x000000001000ab00       0x5c CMakeFiles/MT.dir/src/MT.cpp.obj
 .rodata        0x000000001000ab5c      0x210 CMakeFiles/MT.dir/src/MT.cpp.obj
 *fill*         0x000000001000ad6c        0x4 
 .rodata.at_the_end_of_time
                0x000000001000ad70        0x8 CMakeFiles/MT.dir/_deps/pico_sdk-src/src/common/pico_time/time.c.obj
                0x000000001000ad70                at_the_end_of_time
 .rodata.hardware_alarm_claim.str1.4
                0x000000001000ad78       0x22 CMakeFiles/MT.dir/_deps/pico_sdk-src/src/rp2_common/hardware_timer/timer.c.obj
 *fill*         0x000000001000ad9a        0x2 
 .rodata.panic.str1.4
                0x000000001000ad9c       0x10 CMakeFiles/MT.dir/_deps/pico_sdk-src/src/rp2_common/pico_runtime/runtime.c.obj
                                         0x12 (size before relaxing)
 .rodata.hard_assertion_failure.str1.4
                0x000000001000adac        0xc CMakeFiles/MT.dir/_deps/pico_sdk-src/src/rp2_common/pico_runtime/runtime.c.obj
 .rodata._ftoa.str1.4
                0x000000001000adb8       0x15 CMakeFiles/MT.dir/_deps/pico_sdk-src/src/rp2_common/pico_printf/printf.c.obj
 *fill*         0x000000001000adcd        0x3 
 .rodata._vsnprintf
                0x000000001000add0      0x19c CMakeFiles/MT.dir/_deps/pico_sdk-src/src/rp2_common/pico_printf/printf.c.obj
 *fill*         0x000000001000af6c        0x4 
 .rodata.pow10.0
                0x000000001000af70       0x50 CMakeFiles/MT.dir/_deps/pico_sdk-src/src/rp2_common/pico_printf/printf.c.obj
 .rodata.str1.4
                0x000000001000afc0       0x38 CMakeFiles/MT.dir/_deps/pico_sdk-src/src/rp2_common/pico_standard_link/binary_info.c.obj
 .rodata.__bi_44
                0x000000001000aff8        0xc CMakeFiles/MT.dir/_deps/pico_sdk-src/src/rp2_common/pico_standard_link/binary_info.c.obj
 .rodata.__bi_75
                0x000000001000b004        0xc CMakeFiles/MT.dir/_deps/pico_sdk-src/src/rp2_common/pico_standard_link/binary_info.c.obj
 .rodata.__bi_81
                0x000000001000b010        0xc CMakeFiles/MT.dir/_deps/pico_sdk-src/src/rp2_common/pico_standard_link/binary_info.c.obj
 .rodata.crlf_str.0
                0x000000001000b01c        0x2 CMakeFiles/MT.dir/_deps/pico_sdk-src/src/rp2_common/pico_stdio/stdio.c.obj
 *fill*         0x000000001000b01e        0x2 
 .rodata.str1.4
                0x000000001000b020       0x2c CMakeFiles/MT.dir/_deps/pico_sdk-src/src/rp2_common/pico_stdio_uart/stdio_uart.c.obj
 .rodata.__bi_28.4
                0x000000001000b04c        0xc CMakeFiles/MT.dir/_deps/pico_sdk-src/src/rp2_common/pico_stdio_uart/stdio_uart.c.obj
 .rodata.__bi_29.5
                0x000000001000b058        0x8 CMakeFiles/MT.dir/_deps/pico_sdk-src/src/rp2_common/pico_stdio_uart/stdio_uart.c.obj
 .rodata._global_impure_ptr
                0x000000001000b060        0x4 /usr/lib/gcc/arm-none-eabi/11.2.0/../../../../arm-none-eabi/lib/thumb/v6-m/nofp/libc.a(lib_a-impure.o)
                0x000000001000b060                _global_impure_ptr
 .rodata._ctype_
                0x000000001000b064      0x101 /usr/lib/gcc/arm-none-eabi/11.2.0/../../../../arm-none-eabi/lib/thumb/v6-m/nofp/libc.a(lib_a-ctype_.o)
                0x000000001000b064                _ctype_
                0x000000001000b168                . = ALIGN (0x4)
 *fill*         0x000000001000b165        0x3 
 *(SORT_BY_ALIGNMENT(SORT_BY_NAME(.flashdata*)))
                0x000000001000b168                . = ALIGN (0x4)

.rel.dyn        0x000000001000b168        0x0
 .rel.iplt      0x000000001000b168        0x0 /usr/lib/gcc/arm-none-eabi/11.2.0/thumb/v6-m/nofp/crtbegin.o

.ARM.extab
 *(.ARM.extab* .gnu.linkonce.armextab.*)
                0x000000001000b168                __exidx_start = .

.ARM.exidx
 *(.ARM.exidx* .gnu.linkonce.armexidx.*)
                0x000000001000b168                __exidx_end = .
                0x000000001000b168                . = ALIGN (0x4)
                0x000000001000b168                __binary_info_start = .

.binary_info    0x000000001000b168       0x24
 *(.binary_info.keep.*)
 .binary_info.keep.__bi_ptr22
                0x000000001000b168        0x4 CMakeFiles/MT.dir/_deps/pico_sdk-src/src/rp2_common/pico_standard_link/binary_info.c.obj
 .binary_info.keep.__bi_ptr30
                0x000000001000b16c        0x4 CMakeFiles/MT.dir/_deps/pico_sdk-src/src/rp2_common/pico_standard_link/binary_info.c.obj
 .binary_info.keep.__bi_ptr38
                0x000000001000b170        0x4 CMakeFiles/MT.dir/_deps/pico_sdk-src/src/rp2_common/pico_standard_link/binary_info.c.obj
 .binary_info.keep.__bi_ptr44
                0x000000001000b174        0x4 CMakeFiles/MT.dir/_deps/pico_sdk-src/src/rp2_common/pico_standard_link/binary_info.c.obj
 .binary_info.keep.__bi_ptr50
                0x000000001000b178        0x4 CMakeFiles/MT.dir/_deps/pico_sdk-src/src/rp2_common/pico_standard_link/binary_info.c.obj
 .binary_info.keep.__bi_ptr75
                0x000000001000b17c        0x4 CMakeFiles/MT.dir/_deps/pico_sdk-src/src/rp2_common/pico_standard_link/binary_info.c.obj
 .binary_info.keep.__bi_ptr81
                0x000000001000b180        0x4 CMakeFiles/MT.dir/_deps/pico_sdk-src/src/rp2_common/pico_standard_link/binary_info.c.obj
 *(.binary_info.*)
 .binary_info.__bi_ptr28
                0x000000001000b184        0x4 CMakeFiles/MT.dir/_deps/pico_sdk-src/src/rp2_common/pico_stdio_uart/stdio_uart.c.obj
 .binary_info.__bi_ptr29
                0x000000001000b188        0x4 CMakeFiles/MT.dir/_deps/pico_sdk-src/src/rp2_common/pico_stdio_uart/stdio_uart.c.obj
                0x000000001000b18c                __binary_info_end = .
                0x000000001000b18c                . = ALIGN (0x4)
                0x000000001000b18c                __etext = .

.ram_vector_table
                0x0000000020000000       0xc0
 *(.ram_vector_table)
 .ram_vector_table
                0x0000000020000000       0xc0 CMakeFiles/MT.dir/_deps/pico_sdk-src/src/rp2_common/pico_runtime/runtime.c.obj
                0x0000000020000000                ram_vector_table

.data           0x00000000200000c0      0x618 load address 0x000000001000b18c
                0x00000000200000c0                __data_start__ = .
 *(vtable)
 *(.time_critical*)
 .time_critical.mutex_enter_blocking
                0x00000000200000c0       0x60 CMakeFiles/MT.dir/_deps/pico_sdk-src/src/common/pico_sync/mutex.c.obj
                0x00000000200000c0                mutex_enter_blocking
 .time_critical.mutex_try_enter
                0x0000000020000120       0x5c CMakeFiles/MT.dir/_deps/pico_sdk-src/src/common/pico_sync/mutex.c.obj
                0x0000000020000120                mutex_try_enter
 .time_critical.mutex_exit
                0x000000002000017c       0x58 CMakeFiles/MT.dir/_deps/pico_sdk-src/src/common/pico_sync/mutex.c.obj
                0x000000002000017c                mutex_exit
 *(.text*)
 .text          0x00000000200001d4        0x4 /usr/lib/gcc/arm-none-eabi/11.2.0/thumb/v6-m/nofp/libgcc.a(_dvmd_tls.o)
                0x00000000200001d4                __aeabi_ldiv0
                0x00000000200001d4                __aeabi_idiv0
                0x00000000200001d8                . = ALIGN (0x4)
 *(.rodata*)
                0x00000000200001d8                . = ALIGN (0x4)
 *(.data*)
 .data.striped_spin_lock_num
                0x00000000200001d8        0x1 CMakeFiles/MT.dir/_deps/pico_sdk-src/src/rp2_common/hardware_sync/sync.c.obj
 *fill*         0x00000000200001d9        0x3 
 .data.default_alarm_pool
                0x00000000200001dc       0x18 CMakeFiles/MT.dir/_deps/pico_sdk-src/src/common/pico_time/time.c.obj
 .data.default_alarm_pool_heap
                0x00000000200001f4       0x10 CMakeFiles/MT.dir/_deps/pico_sdk-src/src/common/pico_time/time.c.obj
 .data          0x0000000020000204       0x48 CMakeFiles/MT.dir/_deps/pico_sdk-src/src/rp2_common/hardware_irq/irq_handler_chain.S.obj
                0x0000000020000204                irq_handler_chain_slots
                0x0000000020000234                irq_handler_chain_first_slot
                0x000000002000023e                irq_handler_chain_remove_tail
 *fill*         0x000000002000024c        0x4 
 .data.aeabi_bits_funcs
                0x0000000020000250       0x10 CMakeFiles/MT.dir/_deps/pico_sdk-src/src/rp2_common/pico_bit_ops/bit_ops_aeabi.S.obj
                0x0000000020000250                aeabi_bits_funcs
                0x0000000020000260                aeabi_bits_funcs_end
 .data.aeabi_mem_funcs
                0x0000000020000260       0x10 CMakeFiles/MT.dir/_deps/pico_sdk-src/src/rp2_common/pico_mem_ops/mem_ops_aeabi.S.obj
                0x0000000020000260                aeabi_mem_funcs
                0x0000000020000270                aeabi_mem_funcs_end
 .data.stdio_uart
                0x0000000020000270       0x14 CMakeFiles/MT.dir/_deps/pico_sdk-src/src/rp2_common/pico_stdio_uart/stdio_uart.c.obj
                0x0000000020000270                stdio_uart
 .data._impure_ptr
                0x0000000020000284        0x4 /usr/lib/gcc/arm-none-eabi/11.2.0/../../../../arm-none-eabi/lib/thumb/v6-m/nofp/libc.a(lib_a-impure.o)
                0x0000000020000284                _impure_ptr
 .data.impure_data
                0x0000000020000288      0x428 /usr/lib/gcc/arm-none-eabi/11.2.0/../../../../arm-none-eabi/lib/thumb/v6-m/nofp/libc.a(lib_a-impure.o)
 .data.__atexit_recursive_mutex
                0x00000000200006b0        0x4 /usr/lib/gcc/arm-none-eabi/11.2.0/../../../../arm-none-eabi/lib/thumb/v6-m/nofp/libc.a(lib_a-__call_atexit.o)
                0x00000000200006b0                __atexit_recursive_mutex
                0x00000000200006b4                . = ALIGN (0x4)
 *(.after_data.*)
                0x00000000200006b4                . = ALIGN (0x4)
                0x00000000200006b4                PROVIDE (__mutex_array_start = .)
 *(SORT_BY_NAME(.mutex_array.*))
 *(.mutex_array)
 .mutex_array   0x00000000200006b4        0x8 CMakeFiles/MT.dir/_deps/pico_sdk-src/src/rp2_common/pico_stdio/stdio.c.obj
                0x00000000200006bc                PROVIDE (__mutex_array_end = .)
                0x00000000200006bc                . = ALIGN (0x4)
                0x00000000200006bc                PROVIDE (__preinit_array_start = .)
 *(SORT_BY_NAME(.preinit_array.*))
 .preinit_array.00001
                0x00000000200006bc        0x4 CMakeFiles/MT.dir/_deps/pico_sdk-src/src/rp2_common/pico_mem_ops/mem_ops_aeabi.S.obj
 .preinit_array.00010
                0x00000000200006c0        0x4 CMakeFiles/MT.dir/_deps/pico_sdk-src/src/rp2_common/pico_bit_ops/bit_ops_aeabi.S.obj
 .preinit_array.00020
                0x00000000200006c4        0x4 CMakeFiles/MT.dir/_deps/pico_sdk-src/src/rp2_common/pico_double/double_aeabi.S.obj
 .preinit_array.00020
                0x00000000200006c8        0x4 CMakeFiles/MT.dir/_deps/pico_sdk-src/src/rp2_common/pico_float/float_aeabi.S.obj
 *(.preinit_array)
                0x00000000200006cc                PROVIDE (__preinit_array_end = .)
                0x00000000200006cc                . = ALIGN (0x4)
                0x00000000200006cc                PROVIDE (__init_array_start = .)
 *(SORT_BY_NAME(.init_array.*))
 .init_array.00000
                0x00000000200006cc        0x4 /usr/lib/gcc/arm-none-eabi/11.2.0/../../../../arm-none-eabi/lib/thumb/v6-m/nofp/libc.a(lib_a-__call_atexit.o)
 *(.init_array)
 .init_array    0x00000000200006d0        0x4 /usr/lib/gcc/arm-none-eabi/11.2.0/thumb/v6-m/nofp/crtbegin.o
 .init_array    0x00000000200006d4        0x4 CMakeFiles/MT.dir/src/MT.cpp.obj
                0x00000000200006d8                PROVIDE (__init_array_end = .)
                0x00000000200006d8                . = ALIGN (0x4)
                0x00000000200006d8                PROVIDE (__fini_array_start = .)
 *(SORT_BY_NAME(.fini_array.*))
 *(.fini_array)
                0x00000000200006d8                PROVIDE (__fini_array_end = .)
 *(.jcr)
                0x00000000200006d8                . = ALIGN (0x4)
                0x00000000200006d8                __data_end__ = .

.igot.plt       0x00000000200006d8        0x0 load address 0x000000001000b7a4
 .igot.plt      0x00000000200006d8        0x0 /usr/lib/gcc/arm-none-eabi/11.2.0/thumb/v6-m/nofp/crtbegin.o

.uninitialized_data
                0x00000000200006d8        0x0 load address 0x000000001000b7a4
                0x00000000200006d8                . = ALIGN (0x4)
 *(.uninitialized_data*)

.scratch_x      0x0000000020040000        0x0 load address 0x000000001000b7a4
                0x0000000020040000                __scratch_x_start__ = .
 *(.scratch_x.*)
                0x0000000020040000                . = ALIGN (0x4)
                0x0000000020040000                __scratch_x_end__ = .
                0x000000001000b7a4                __scratch_x_source__ = LOADADDR (.scratch_x)

.scratch_y      0x0000000020041000        0x0 load address 0x000000001000b7a4
                0x0000000020041000                __scratch_y_start__ = .
 *(.scratch_y.*)
                0x0000000020041000                . = ALIGN (0x4)
                0x0000000020041000                __scratch_y_end__ = .
                0x000000001000b7a4                __scratch_y_source__ = LOADADDR (.scratch_y)

.bss            0x00000000200006d8      0x768
                0x00000000200006d8                . = ALIGN (0x4)
                0x00000000200006d8                __bss_start__ = .
 *(SORT_BY_ALIGNMENT(SORT_BY_NAME(.bss*)))
 .bss.default_alarm_pool_entries
                0x00000000200006d8      0x100 CMakeFiles/MT.dir/_deps/pico_sdk-src/src/common/pico_time/time.c.obj
 .bss.sd_table  0x00000000200007d8      0x100 CMakeFiles/MT.dir/_deps/pico_sdk-src/src/rp2_common/pico_double/double_init_rom.c.obj
                0x00000000200007d8                sd_table
 .bss.sf_table  0x00000000200008d8      0x100 CMakeFiles/MT.dir/_deps/pico_sdk-src/src/rp2_common/pico_float/float_init_rom.c.obj
                0x00000000200008d8                sf_table
 .bss.Def       0x00000000200009d8      0x394 CMakeFiles/MT.dir/src/MT.cpp.obj
                0x00000000200009d8                Def
 .bss.__lock___atexit_recursive_mutex
                0x0000000020000d6c        0x1 /usr/lib/gcc/arm-none-eabi/11.2.0/../../../../arm-none-eabi/lib/thumb/v6-m/nofp/libc.a(lib_a-lock.o)
                0x0000000020000d6c                __lock___atexit_recursive_mutex
 *fill*         0x0000000020000d6d        0x3 
 .bss.alarm_callbacks
                0x0000000020000d70       0x10 CMakeFiles/MT.dir/_deps/pico_sdk-src/src/rp2_common/hardware_timer/timer.c.obj
 .bss.configured_freq
                0x0000000020000d80       0x28 CMakeFiles/MT.dir/_deps/pico_sdk-src/src/rp2_common/hardware_clocks/clocks.c.obj
 .bss.default_alarm_pool_entry_ids_high
                0x0000000020000da8       0x10 CMakeFiles/MT.dir/_deps/pico_sdk-src/src/common/pico_time/time.c.obj
 .bss.default_alarm_pool_heap_nodes
                0x0000000020000db8       0x30 CMakeFiles/MT.dir/_deps/pico_sdk-src/src/common/pico_time/time.c.obj
 .bss.drivers   0x0000000020000de8        0x4 CMakeFiles/MT.dir/_deps/pico_sdk-src/src/rp2_common/pico_stdio/stdio.c.obj
 .bss.filter    0x0000000020000dec        0x4 CMakeFiles/MT.dir/_deps/pico_sdk-src/src/rp2_common/pico_stdio/stdio.c.obj
 .bss.lazy_vsnprintf
                0x0000000020000df0        0x4 CMakeFiles/MT.dir/_deps/pico_sdk-src/src/rp2_common/pico_printf/printf.c.obj
 .bss.object.0  0x0000000020000df4       0x18 /usr/lib/gcc/arm-none-eabi/11.2.0/thumb/v6-m/nofp/crtbegin.o
 .bss.pools     0x0000000020000e0c       0x10 CMakeFiles/MT.dir/_deps/pico_sdk-src/src/common/pico_time/time.c.obj
 .bss.sf_clz_func
                0x0000000020000e1c        0x4 CMakeFiles/MT.dir/_deps/pico_sdk-src/src/rp2_common/pico_float/float_init_rom.c.obj
                0x0000000020000e1c                sf_clz_func
 .bss.sleep_notifier
                0x0000000020000e20        0x4 CMakeFiles/MT.dir/_deps/pico_sdk-src/src/common/pico_time/time.c.obj
 .bss.target_hi
                0x0000000020000e24       0x10 CMakeFiles/MT.dir/_deps/pico_sdk-src/src/rp2_common/hardware_timer/timer.c.obj
 .bss.uart_char_to_line_feed
                0x0000000020000e34        0x4 CMakeFiles/MT.dir/_deps/pico_sdk-src/src/rp2_common/hardware_uart/uart.c.obj
                0x0000000020000e34                uart_char_to_line_feed
 .bss.uart_instance
                0x0000000020000e38        0x4 CMakeFiles/MT.dir/_deps/pico_sdk-src/src/rp2_common/pico_stdio_uart/stdio_uart.c.obj
 .bss.claimed   0x0000000020000e3c        0x1 CMakeFiles/MT.dir/_deps/pico_sdk-src/src/rp2_common/hardware_timer/timer.c.obj
 .bss.irq_hander_chain_free_slot_head
                0x0000000020000e3d        0x1 CMakeFiles/MT.dir/_deps/pico_sdk-src/src/rp2_common/hardware_irq/irq.c.obj
 .bss.timer_callbacks_pending
                0x0000000020000e3e        0x1 CMakeFiles/MT.dir/_deps/pico_sdk-src/src/rp2_common/hardware_timer/timer.c.obj
 *(COMMON)
                0x0000000020000e40                . = ALIGN (0x4)
 *fill*         0x0000000020000e3f        0x1 
                0x0000000020000e40                __bss_end__ = .

.heap           0x0000000020000e40      0x800
                0x0000000020000e40                __end__ = .
                0x0000000020000e40                end = __end__
 *(.heap*)
 .heap          0x0000000020000e40      0x800 CMakeFiles/MT.dir/_deps/pico_sdk-src/src/rp2_common/pico_standard_link/crt0.S.obj
                0x0000000020001640                __HeapLimit = .

.stack1_dummy   0x0000000020040000        0x0
 *(.stack1*)

.stack_dummy    0x0000000020041000      0x800
 *(.stack*)
 .stack         0x0000000020041000      0x800 CMakeFiles/MT.dir/_deps/pico_sdk-src/src/rp2_common/pico_standard_link/crt0.S.obj

.flash_end      0x000000001000b7a4        0x0
                0x000000001000b7a4                __flash_binary_end = .
                0x0000000020040000                __StackLimit = (ORIGIN (RAM) + LENGTH (RAM))
                0x0000000020041000                __StackOneTop = (ORIGIN (SCRATCH_X) + LENGTH (SCRATCH_X))
                0x0000000020042000                __StackTop = (ORIGIN (SCRATCH_Y) + LENGTH (SCRATCH_Y))
                0x0000000020041000                __StackOneBottom = (__StackOneTop - SIZEOF (.stack1_dummy))
                0x0000000020041800                __StackBottom = (__StackTop - SIZEOF (.stack_dummy))
                0x0000000020042000                PROVIDE (__stack = __StackTop)
                0x0000000000000001                ASSERT ((__StackLimit >= __HeapLimit), region RAM overflowed)
                0x0000000000000001                ASSERT (((__binary_info_header_end - __logical_binary_start) <= 0x100), Binary info must be in first 256 bytes of the binary)
LOAD CMakeFiles/MT.dir/src/MT.cpp.obj
LOAD CMakeFiles/MT.dir/_deps/pico_sdk-src/src/rp2_common/pico_stdlib/stdlib.c.obj
LOAD CMakeFiles/MT.dir/_deps/pico_sdk-src/src/rp2_common/hardware_gpio/gpio.c.obj
LOAD CMakeFiles/MT.dir/_deps/pico_sdk-src/src/rp2_common/hardware_claim/claim.c.obj
LOAD CMakeFiles/MT.dir/_deps/pico_sdk-src/src/rp2_common/pico_platform/platform.c.obj
LOAD CMakeFiles/MT.dir/_deps/pico_sdk-src/src/rp2_common/hardware_sync/sync.c.obj
LOAD CMakeFiles/MT.dir/_deps/pico_sdk-src/src/rp2_common/hardware_uart/uart.c.obj
LOAD CMakeFiles/MT.dir/_deps/pico_sdk-src/src/rp2_common/hardware_divider/divider.S.obj
LOAD CMakeFiles/MT.dir/_deps/pico_sdk-src/src/common/pico_time/time.c.obj
LOAD CMakeFiles/MT.dir/_deps/pico_sdk-src/src/common/pico_time/timeout_helper.c.obj
LOAD CMakeFiles/MT.dir/_deps/pico_sdk-src/src/rp2_common/hardware_timer/timer.c.obj
LOAD CMakeFiles/MT.dir/_deps/pico_sdk-src/src/common/pico_sync/sem.c.obj
LOAD CMakeFiles/MT.dir/_deps/pico_sdk-src/src/common/pico_sync/lock_core.c.obj
LOAD CMakeFiles/MT.dir/_deps/pico_sdk-src/src/common/pico_sync/mutex.c.obj
LOAD CMakeFiles/MT.dir/_deps/pico_sdk-src/src/common/pico_sync/critical_section.c.obj
LOAD CMakeFiles/MT.dir/_deps/pico_sdk-src/src/common/pico_util/datetime.c.obj
LOAD CMakeFiles/MT.dir/_deps/pico_sdk-src/src/common/pico_util/pheap.c.obj
LOAD CMakeFiles/MT.dir/_deps/pico_sdk-src/src/common/pico_util/queue.c.obj
LOAD CMakeFiles/MT.dir/_deps/pico_sdk-src/src/rp2_common/pico_runtime/runtime.c.obj
LOAD CMakeFiles/MT.dir/_deps/pico_sdk-src/src/rp2_common/hardware_clocks/clocks.c.obj
LOAD CMakeFiles/MT.dir/_deps/pico_sdk-src/src/rp2_common/hardware_irq/irq.c.obj
LOAD CMakeFiles/MT.dir/_deps/pico_sdk-src/src/rp2_common/hardware_irq/irq_handler_chain.S.obj
LOAD CMakeFiles/MT.dir/_deps/pico_sdk-src/src/rp2_common/hardware_pll/pll.c.obj
LOAD CMakeFiles/MT.dir/_deps/pico_sdk-src/src/rp2_common/hardware_vreg/vreg.c.obj
LOAD CMakeFiles/MT.dir/_deps/pico_sdk-src/src/rp2_common/hardware_watchdog/watchdog.c.obj
LOAD CMakeFiles/MT.dir/_deps/pico_sdk-src/src/rp2_common/hardware_xosc/xosc.c.obj
LOAD CMakeFiles/MT.dir/_deps/pico_sdk-src/src/rp2_common/pico_printf/printf.c.obj
LOAD CMakeFiles/MT.dir/_deps/pico_sdk-src/src/rp2_common/pico_bit_ops/bit_ops_aeabi.S.obj
LOAD CMakeFiles/MT.dir/_deps/pico_sdk-src/src/rp2_common/pico_bootrom/bootrom.c.obj
LOAD CMakeFiles/MT.dir/_deps/pico_sdk-src/src/rp2_common/pico_divider/divider.S.obj
LOAD CMakeFiles/MT.dir/_deps/pico_sdk-src/src/rp2_common/pico_double/double_aeabi.S.obj
LOAD CMakeFiles/MT.dir/_deps/pico_sdk-src/src/rp2_common/pico_double/double_init_rom.c.obj
LOAD CMakeFiles/MT.dir/_deps/pico_sdk-src/src/rp2_common/pico_double/double_math.c.obj
LOAD CMakeFiles/MT.dir/_deps/pico_sdk-src/src/rp2_common/pico_double/double_v1_rom_shim.S.obj
LOAD CMakeFiles/MT.dir/_deps/pico_sdk-src/src/rp2_common/pico_int64_ops/pico_int64_ops_aeabi.S.obj
LOAD CMakeFiles/MT.dir/_deps/pico_sdk-src/src/rp2_common/pico_float/float_aeabi.S.obj
LOAD CMakeFiles/MT.dir/_deps/pico_sdk-src/src/rp2_common/pico_float/float_init_rom.c.obj
LOAD CMakeFiles/MT.dir/_deps/pico_sdk-src/src/rp2_common/pico_float/float_math.c.obj
LOAD CMakeFiles/MT.dir/_deps/pico_sdk-src/src/rp2_common/pico_float/float_v1_rom_shim.S.obj
LOAD CMakeFiles/MT.dir/_deps/pico_sdk-src/src/rp2_common/pico_malloc/pico_malloc.c.obj
LOAD CMakeFiles/MT.dir/_deps/pico_sdk-src/src/rp2_common/pico_mem_ops/mem_ops_aeabi.S.obj
LOAD CMakeFiles/MT.dir/_deps/pico_sdk-src/src/rp2_common/pico_standard_link/crt0.S.obj
LOAD CMakeFiles/MT.dir/_deps/pico_sdk-src/src/rp2_common/pico_standard_link/new_delete.cpp.obj
LOAD CMakeFiles/MT.dir/_deps/pico_sdk-src/src/rp2_common/pico_standard_link/binary_info.c.obj
LOAD CMakeFiles/MT.dir/_deps/pico_sdk-src/src/rp2_common/pico_stdio/stdio.c.obj
LOAD CMakeFiles/MT.dir/_deps/pico_sdk-src/src/rp2_common/pico_stdio_uart/stdio_uart.c.obj
LOAD /tmp/ccxms3ON.o
LOAD /usr/lib/gcc/arm-none-eabi/11.2.0/../../../../arm-none-eabi/lib/thumb/v6-m/nofp/libstdc++.a
LOAD /usr/lib/gcc/arm-none-eabi/11.2.0/../../../../arm-none-eabi/lib/thumb/v6-m/nofp/libm.a
START GROUP
LOAD /usr/lib/gcc/arm-none-eabi/11.2.0/thumb/v6-m/nofp/libgcc.a
LOAD /usr/lib/gcc/arm-none-eabi/11.2.0/../../../../arm-none-eabi/lib/thumb/v6-m/nofp/libc.a
END GROUP
START GROUP
LOAD /usr/lib/gcc/arm-none-eabi/11.2.0/thumb/v6-m/nofp/libgcc.a
LOAD /usr/lib/gcc/arm-none-eabi/11.2.0/../../../../arm-none-eabi/lib/thumb/v6-m/nofp/libc.a
LOAD /usr/lib/gcc/arm-none-eabi/11.2.0/../../../../arm-none-eabi/lib/thumb/v6-m/nofp/libnosys.a
END GROUP
LOAD /usr/lib/gcc/arm-none-eabi/11.2.0/thumb/v6-m/nofp/crtend.o
LOAD /usr/lib/gcc/arm-none-eabi/11.2.0/thumb/v6-m/nofp/crtn.o
OUTPUT(MT.elf elf32-littlearm)
LOAD linker stubs

.ARM.attributes
                0x0000000000000000       0x28
 .ARM.attributes
                0x0000000000000000       0x1e /usr/lib/gcc/arm-none-eabi/11.2.0/thumb/v6-m/nofp/crti.o
 .ARM.attributes
                0x000000000000001e       0x2c /usr/lib/gcc/arm-none-eabi/11.2.0/thumb/v6-m/nofp/crtbegin.o
 .ARM.attributes
                0x000000000000004a       0x2c CMakeFiles/MT.dir/src/MT.cpp.obj
 .ARM.attributes
                0x0000000000000076       0x2c CMakeFiles/MT.dir/_deps/pico_sdk-src/src/rp2_common/hardware_gpio/gpio.c.obj
 .ARM.attributes
                0x00000000000000a2       0x2c CMakeFiles/MT.dir/_deps/pico_sdk-src/src/rp2_common/hardware_claim/claim.c.obj
 .ARM.attributes
                0x00000000000000ce       0x2c CMakeFiles/MT.dir/_deps/pico_sdk-src/src/rp2_common/pico_platform/platform.c.obj
 .ARM.attributes
                0x00000000000000fa       0x2c CMakeFiles/MT.dir/_deps/pico_sdk-src/src/rp2_common/hardware_sync/sync.c.obj
 .ARM.attributes
                0x0000000000000126       0x2c CMakeFiles/MT.dir/_deps/pico_sdk-src/src/rp2_common/hardware_uart/uart.c.obj
 .ARM.attributes
                0x0000000000000152       0x2c CMakeFiles/MT.dir/_deps/pico_sdk-src/src/common/pico_time/time.c.obj
 .ARM.attributes
                0x000000000000017e       0x2c CMakeFiles/MT.dir/_deps/pico_sdk-src/src/rp2_common/hardware_timer/timer.c.obj
 .ARM.attributes
                0x00000000000001aa       0x2c CMakeFiles/MT.dir/_deps/pico_sdk-src/src/common/pico_sync/lock_core.c.obj
 .ARM.attributes
                0x00000000000001d6       0x2c CMakeFiles/MT.dir/_deps/pico_sdk-src/src/common/pico_sync/mutex.c.obj
 .ARM.attributes
                0x0000000000000202       0x2c CMakeFiles/MT.dir/_deps/pico_sdk-src/src/common/pico_util/pheap.c.obj
 .ARM.attributes
                0x000000000000022e       0x2c CMakeFiles/MT.dir/_deps/pico_sdk-src/src/rp2_common/pico_runtime/runtime.c.obj
 .ARM.attributes
                0x000000000000025a       0x2c CMakeFiles/MT.dir/_deps/pico_sdk-src/src/rp2_common/hardware_clocks/clocks.c.obj
 .ARM.attributes
                0x0000000000000286       0x2c CMakeFiles/MT.dir/_deps/pico_sdk-src/src/rp2_common/hardware_irq/irq.c.obj
 .ARM.attributes
                0x00000000000002b2       0x22 CMakeFiles/MT.dir/_deps/pico_sdk-src/src/rp2_common/hardware_irq/irq_handler_chain.S.obj
 .ARM.attributes
                0x00000000000002d4       0x2c CMakeFiles/MT.dir/_deps/pico_sdk-src/src/rp2_common/hardware_pll/pll.c.obj
 .ARM.attributes
                0x0000000000000300       0x2c CMakeFiles/MT.dir/_deps/pico_sdk-src/src/rp2_common/hardware_watchdog/watchdog.c.obj
 .ARM.attributes
                0x000000000000032c       0x2c CMakeFiles/MT.dir/_deps/pico_sdk-src/src/rp2_common/hardware_xosc/xosc.c.obj
 .ARM.attributes
                0x0000000000000358       0x2c CMakeFiles/MT.dir/_deps/pico_sdk-src/src/rp2_common/pico_printf/printf.c.obj
 .ARM.attributes
                0x0000000000000384       0x22 CMakeFiles/MT.dir/_deps/pico_sdk-src/src/rp2_common/pico_bit_ops/bit_ops_aeabi.S.obj
 .ARM.attributes
                0x00000000000003a6       0x2c CMakeFiles/MT.dir/_deps/pico_sdk-src/src/rp2_common/pico_bootrom/bootrom.c.obj
 .ARM.attributes
                0x00000000000003d2       0x22 CMakeFiles/MT.dir/_deps/pico_sdk-src/src/rp2_common/pico_divider/divider.S.obj
 .ARM.attributes
                0x00000000000003f4       0x22 CMakeFiles/MT.dir/_deps/pico_sdk-src/src/rp2_common/pico_double/double_aeabi.S.obj
 .ARM.attributes
                0x0000000000000416       0x2c CMakeFiles/MT.dir/_deps/pico_sdk-src/src/rp2_common/pico_double/double_init_rom.c.obj
 .ARM.attributes
                0x0000000000000442       0x22 CMakeFiles/MT.dir/_deps/pico_sdk-src/src/rp2_common/pico_double/double_v1_rom_shim.S.obj
 .ARM.attributes
                0x0000000000000464       0x22 CMakeFiles/MT.dir/_deps/pico_sdk-src/src/rp2_common/pico_int64_ops/pico_int64_ops_aeabi.S.obj
 .ARM.attributes
                0x0000000000000486       0x22 CMakeFiles/MT.dir/_deps/pico_sdk-src/src/rp2_common/pico_float/float_aeabi.S.obj
 .ARM.attributes
                0x00000000000004a8       0x2c CMakeFiles/MT.dir/_deps/pico_sdk-src/src/rp2_common/pico_float/float_init_rom.c.obj
 .ARM.attributes
                0x00000000000004d4       0x22 CMakeFiles/MT.dir/_deps/pico_sdk-src/src/rp2_common/pico_float/float_v1_rom_shim.S.obj
 .ARM.attributes
                0x00000000000004f6       0x22 CMakeFiles/MT.dir/_deps/pico_sdk-src/src/rp2_common/pico_mem_ops/mem_ops_aeabi.S.obj
 .ARM.attributes
                0x0000000000000518       0x22 CMakeFiles/MT.dir/_deps/pico_sdk-src/src/rp2_common/pico_standard_link/crt0.S.obj
 .ARM.attributes
                0x000000000000053a       0x32 CMakeFiles/MT.dir/_deps/pico_sdk-src/src/rp2_common/pico_standard_link/binary_info.c.obj
 .ARM.attributes
                0x000000000000056c       0x2c CMakeFiles/MT.dir/_deps/pico_sdk-src/src/rp2_common/pico_stdio/stdio.c.obj
 .ARM.attributes
                0x0000000000000598       0x2c CMakeFiles/MT.dir/_deps/pico_sdk-src/src/rp2_common/pico_stdio_uart/stdio_uart.c.obj
 .ARM.attributes
                0x00000000000005c4       0x22 /tmp/ccxms3ON.o
 .ARM.attributes
                0x00000000000005e6       0x1e /usr/lib/gcc/arm-none-eabi/11.2.0/thumb/v6-m/nofp/libgcc.a(_dvmd_tls.o)
 .ARM.attributes
                0x0000000000000604       0x2c /usr/lib/gcc/arm-none-eabi/11.2.0/../../../../arm-none-eabi/lib/thumb/v6-m/nofp/libc.a(lib_a-atexit.o)
 .ARM.attributes
                0x0000000000000630       0x2c /usr/lib/gcc/arm-none-eabi/11.2.0/../../../../arm-none-eabi/lib/thumb/v6-m/nofp/libc.a(lib_a-atoi.o)
 .ARM.attributes
                0x000000000000065c       0x2c /usr/lib/gcc/arm-none-eabi/11.2.0/../../../../arm-none-eabi/lib/thumb/v6-m/nofp/libc.a(lib_a-errno.o)
 .ARM.attributes
                0x0000000000000688       0x2c /usr/lib/gcc/arm-none-eabi/11.2.0/../../../../arm-none-eabi/lib/thumb/v6-m/nofp/libc.a(lib_a-fini.o)
 .ARM.attributes
                0x00000000000006b4       0x2c /usr/lib/gcc/arm-none-eabi/11.2.0/../../../../arm-none-eabi/lib/thumb/v6-m/nofp/libc.a(lib_a-impure.o)
 .ARM.attributes
                0x00000000000006e0       0x2c /usr/lib/gcc/arm-none-eabi/11.2.0/../../../../arm-none-eabi/lib/thumb/v6-m/nofp/libc.a(lib_a-strlen-stub.o)
 .ARM.attributes
                0x000000000000070c       0x2c /usr/lib/gcc/arm-none-eabi/11.2.0/../../../../arm-none-eabi/lib/thumb/v6-m/nofp/libc.a(lib_a-strtol.o)
 .ARM.attributes
                0x0000000000000738       0x2c /usr/lib/gcc/arm-none-eabi/11.2.0/../../../../arm-none-eabi/lib/thumb/v6-m/nofp/libc.a(lib_a-__atexit.o)
 .ARM.attributes
                0x0000000000000764       0x2c /usr/lib/gcc/arm-none-eabi/11.2.0/../../../../arm-none-eabi/lib/thumb/v6-m/nofp/libc.a(lib_a-__call_atexit.o)
 .ARM.attributes
                0x0000000000000790       0x2c /usr/lib/gcc/arm-none-eabi/11.2.0/../../../../arm-none-eabi/lib/thumb/v6-m/nofp/libc.a(lib_a-ctype_.o)
 .ARM.attributes
                0x00000000000007bc       0x2c /usr/lib/gcc/arm-none-eabi/11.2.0/../../../../arm-none-eabi/lib/thumb/v6-m/nofp/libc.a(lib_a-lock.o)

.comment        0x0000000000000000       0x1e
 .comment       0x0000000000000000       0x1e CMakeFiles/MT.dir/src/MT.cpp.obj
                                         0x1f (size before relaxing)
 .comment       0x000000000000001e       0x1f CMakeFiles/MT.dir/_deps/pico_sdk-src/src/rp2_common/hardware_gpio/gpio.c.obj
 .comment       0x000000000000001e       0x1f CMakeFiles/MT.dir/_deps/pico_sdk-src/src/rp2_common/hardware_claim/claim.c.obj
 .comment       0x000000000000001e       0x1f CMakeFiles/MT.dir/_deps/pico_sdk-src/src/rp2_common/pico_platform/platform.c.obj
 .comment       0x000000000000001e       0x1f CMakeFiles/MT.dir/_deps/pico_sdk-src/src/rp2_common/hardware_sync/sync.c.obj
 .comment       0x000000000000001e       0x1f CMakeFiles/MT.dir/_deps/pico_sdk-src/src/rp2_common/hardware_uart/uart.c.obj
 .comment       0x000000000000001e       0x1f CMakeFiles/MT.dir/_deps/pico_sdk-src/src/common/pico_time/time.c.obj
 .comment       0x000000000000001e       0x1f CMakeFiles/MT.dir/_deps/pico_sdk-src/src/rp2_common/hardware_timer/timer.c.obj
 .comment       0x000000000000001e       0x1f CMakeFiles/MT.dir/_deps/pico_sdk-src/src/common/pico_sync/lock_core.c.obj
 .comment       0x000000000000001e       0x1f CMakeFiles/MT.dir/_deps/pico_sdk-src/src/common/pico_sync/mutex.c.obj
 .comment       0x000000000000001e       0x1f CMakeFiles/MT.dir/_deps/pico_sdk-src/src/common/pico_util/pheap.c.obj
 .comment       0x000000000000001e       0x1f CMakeFiles/MT.dir/_deps/pico_sdk-src/src/rp2_common/pico_runtime/runtime.c.obj
 .comment       0x000000000000001e       0x1f CMakeFiles/MT.dir/_deps/pico_sdk-src/src/rp2_common/hardware_clocks/clocks.c.obj
 .comment       0x000000000000001e       0x1f CMakeFiles/MT.dir/_deps/pico_sdk-src/src/rp2_common/hardware_irq/irq.c.obj
 .comment       0x000000000000001e       0x1f CMakeFiles/MT.dir/_deps/pico_sdk-src/src/rp2_common/hardware_pll/pll.c.obj
 .comment       0x000000000000001e       0x1f CMakeFiles/MT.dir/_deps/pico_sdk-src/src/rp2_common/hardware_watchdog/watchdog.c.obj
 .comment       0x000000000000001e       0x1f CMakeFiles/MT.dir/_deps/pico_sdk-src/src/rp2_common/hardware_xosc/xosc.c.obj
 .comment       0x000000000000001e       0x1f CMakeFiles/MT.dir/_deps/pico_sdk-src/src/rp2_common/pico_printf/printf.c.obj
 .comment       0x000000000000001e       0x1f CMakeFiles/MT.dir/_deps/pico_sdk-src/src/rp2_common/pico_bootrom/bootrom.c.obj
 .comment       0x000000000000001e       0x1f CMakeFiles/MT.dir/_deps/pico_sdk-src/src/rp2_common/pico_double/double_init_rom.c.obj
 .comment       0x000000000000001e       0x1f CMakeFiles/MT.dir/_deps/pico_sdk-src/src/rp2_common/pico_float/float_init_rom.c.obj
 .comment       0x000000000000001e       0x1f CMakeFiles/MT.dir/_deps/pico_sdk-src/src/rp2_common/pico_standard_link/binary_info.c.obj
 .comment       0x000000000000001e       0x1f CMakeFiles/MT.dir/_deps/pico_sdk-src/src/rp2_common/pico_stdio/stdio.c.obj
 .comment       0x000000000000001e       0x1f CMakeFiles/MT.dir/_deps/pico_sdk-src/src/rp2_common/pico_stdio_uart/stdio_uart.c.obj

.debug_line     0x0000000000000000       0x4a
 .debug_line    0x0000000000000000       0x4a /usr/lib/gcc/arm-none-eabi/11.2.0/thumb/v6-m/nofp/libgcc.a(_dvmd_tls.o)

.debug_line_str
                0x0000000000000000       0x46
 .debug_line_str
                0x0000000000000000       0x46 /usr/lib/gcc/arm-none-eabi/11.2.0/thumb/v6-m/nofp/libgcc.a(_dvmd_tls.o)
                                         0x8c (size before relaxing)

.debug_info     0x0000000000000000       0x24
 .debug_info    0x0000000000000000       0x24 /usr/lib/gcc/arm-none-eabi/11.2.0/thumb/v6-m/nofp/libgcc.a(_dvmd_tls.o)

.debug_abbrev   0x0000000000000000       0x14
 .debug_abbrev  0x0000000000000000       0x14 /usr/lib/gcc/arm-none-eabi/11.2.0/thumb/v6-m/nofp/libgcc.a(_dvmd_tls.o)

.debug_aranges  0x0000000000000000       0x20
 .debug_aranges
                0x0000000000000000       0x20 /usr/lib/gcc/arm-none-eabi/11.2.0/thumb/v6-m/nofp/libgcc.a(_dvmd_tls.o)

.debug_str      0x0000000000000000       0x66
 .debug_str     0x0000000000000000       0x66 /usr/lib/gcc/arm-none-eabi/11.2.0/thumb/v6-m/nofp/libgcc.a(_dvmd_tls.o)

.debug_frame    0x0000000000000000      0x2a0
 .debug_frame   0x0000000000000000       0x28 /usr/lib/gcc/arm-none-eabi/11.2.0/../../../../arm-none-eabi/lib/thumb/v6-m/nofp/libc.a(lib_a-atexit.o)
 .debug_frame   0x0000000000000028       0x40 /usr/lib/gcc/arm-none-eabi/11.2.0/../../../../arm-none-eabi/lib/thumb/v6-m/nofp/libc.a(lib_a-atoi.o)
 .debug_frame   0x0000000000000068       0x20 /usr/lib/gcc/arm-none-eabi/11.2.0/../../../../arm-none-eabi/lib/thumb/v6-m/nofp/libc.a(lib_a-errno.o)
 .debug_frame   0x0000000000000088       0x2c /usr/lib/gcc/arm-none-eabi/11.2.0/../../../../arm-none-eabi/lib/thumb/v6-m/nofp/libc.a(lib_a-fini.o)
 .debug_frame   0x00000000000000b4       0x28 /usr/lib/gcc/arm-none-eabi/11.2.0/../../../../arm-none-eabi/lib/thumb/v6-m/nofp/libc.a(lib_a-strlen-stub.o)
 .debug_frame   0x00000000000000dc       0x84 /usr/lib/gcc/arm-none-eabi/11.2.0/../../../../arm-none-eabi/lib/thumb/v6-m/nofp/libc.a(lib_a-strtol.o)
 .debug_frame   0x0000000000000160       0x3c /usr/lib/gcc/arm-none-eabi/11.2.0/../../../../arm-none-eabi/lib/thumb/v6-m/nofp/libc.a(lib_a-__atexit.o)
 .debug_frame   0x000000000000019c       0x54 /usr/lib/gcc/arm-none-eabi/11.2.0/../../../../arm-none-eabi/lib/thumb/v6-m/nofp/libc.a(lib_a-__call_atexit.o)
 .debug_frame   0x00000000000001f0       0xb0 /usr/lib/gcc/arm-none-eabi/11.2.0/../../../../arm-none-eabi/lib/thumb/v6-m/nofp/libc.a(lib_a-lock.o)
